// Jest Snapshot v1, https://goo.gl/fbAQLP

exports[`conversion host remove button renders correctly 1`] = `
<Button
  active={false}
  block={false}
  bsClass="btn"
  bsStyle="default"
  disabled={false}
  id="remove_12345"
  onClick={[Function]}
>
  Remove
</Button>
`;
