// Jest Snapshot v1, https://goo.gl/fbAQLP

exports[`conversion host retry button renders correctly 1`] = `
<Button
  active={false}
  block={false}
  bsClass="btn"
  bsStyle="default"
  disabled={false}
  id="retry_12345"
  onClick={[Function]}
>
  Retry
</Button>
`;
